                                                           The SAS System                      21:17 Wednesday, December 2, 2015   1

                                                      The UNIVARIATE Procedure
                                                        Variable:  tmax_diff

                                                              Moments

                                  N                        1856    Sum Weights               1856
                                  Mean               -0.1218133    Sum Observations    -226.08558
                                  Std Deviation      3.77530493    Variance            14.2529273
                                  Skewness           -8.2824968    Kurtosis            203.949632
                                  Uncorrected SS     26466.7203    Corrected SS        26439.1801
                                  Coeff Variation    -3099.2539    Std Error Mean      0.08763207


                                                     Basic Statistical Measures
 
                                           Location                    Variability

                                       Mean     -0.12181     Std Deviation            3.77530
                                       Median    0.04182     Variance                14.25293
                                       Mode      1.96774     Range                  103.90645
                                                             Interquartile Range      4.25629


                                                     Tests for Location: Mu0=0
 
                                          Test           -Statistic-    -----p Value------

                                          Student's t    t  -1.39005    Pr > |t|    0.1647
                                          Sign           M        10    Pr >= |M|   0.6592
                                          Signed Rank    S    -10491    Pr >= |S|   0.6497


                                                     Quantiles (Definition 5)
 
                                                     Quantile         Estimate

                                                     100% Max       10.0290323
                                                     99%             7.0935484
                                                     95%             4.7629540
                                                     90%             3.7099038
                                                     75% Q3          2.0844138
                                                     50% Median      0.0418203
                                                     25% Q1         -2.1718780
                                                     10%            -4.3679341
                                                     5%             -5.4256018
                                                     1%             -6.6451613
                                                     0% Min        -93.8774194


                                                        Extreme Observations
 
                                            ------Lowest------        ------Highest-----
 
                                                Value      Obs            Value      Obs

                                            -93.87742     1807          8.90100     1784
                                            -10.70690      263          8.99968     1349
                                            -10.21998     1001          9.04670     1354
                                                           The SAS System                      21:17 Wednesday, December 2, 2015   2

                                                      The UNIVARIATE Procedure
                                                        Variable:  tmax_diff

                                                        Extreme Observations
 
                                            ------Lowest------        ------Highest-----
 
                                                Value      Obs            Value      Obs

                                             -8.74788      434          9.12581     1591
                                             -8.56183     1000         10.02903     1790
                                                           The SAS System                      21:17 Wednesday, December 2, 2015   3

                                                              tmax_      tmax_
                                                     Obs     diff10      diff90

                                                      1     -4.36793    3.70990
